Traceback (most recent call last):
  File "C:\laragon\bin\python\python-3.10\lib\site-packages\jupyter_cache\executors\utils.py", line 58, in single_nb_execution
    executenb(
  File "C:\laragon\bin\python\python-3.10\lib\site-packages\nbclient\client.py", line 1323, in execute
    return NotebookClient(nb=nb, resources=resources, km=km, **kwargs).execute()
  File "C:\laragon\bin\python\python-3.10\lib\site-packages\jupyter_core\utils\__init__.py", line 165, in wrapped
    return loop.run_until_complete(inner)
  File "C:\laragon\bin\python\python-3.10\lib\asyncio\base_events.py", line 646, in run_until_complete
    return future.result()
  File "C:\laragon\bin\python\python-3.10\lib\site-packages\nbclient\client.py", line 709, in async_execute
    await self.async_execute_cell(
  File "C:\laragon\bin\python\python-3.10\lib\site-packages\nbclient\client.py", line 1062, in async_execute_cell
    await self._check_raise_for_error(cell, cell_index, exec_reply)
  File "C:\laragon\bin\python\python-3.10\lib\site-packages\nbclient\client.py", line 918, in _check_raise_for_error
    raise CellExecutionError.from_cell_and_msg(cell, exec_reply_content)
nbclient.exceptions.CellExecutionError: An error occurred while executing the following cell:
------------------
import numpy as np
import pywt
import tsfel.feature_extraction.features as tsfel_features

# Sampel Sinyal NO2 Mini
x_no2_sample = np.array([20e-6, 50e-6, 30e-6, 40e-6])

# 1. Dekomposisi Wavelet Haar
cA, cD = pywt.dwt(x_no2_sample, 'haar')

# 2. Perhitungan Manual via NumPy
manual_var = np.var(cD)
manual_std = np.std(cD)

# 3. Perhitungan Menggunakan Pustaka TSFEL
tsfel_var = tsfel_features.wavelet_var(x_no2_sample)
tsfel_std = tsfel_features.wavelet_std(x_no2_sample)

print("=== PEMBUKTIAN FITUR WAVELET POLUTAN NO2 ===")
print(f"Hasil Manual (NumPy) -> wavelet_var: {manual_var:.8e} | wavelet_std: {manual_std:.8e}")
print(f"Hasil Pustaka TSFEL  -> wavelet_var: {tsfel_var:.8e} | wavelet_std: {tsfel_std:.8e}")


## 3. Implementasi Workflow pada KNIME Analytics Platform

Pengolahan data fitur hasil TSFEL dilakukan secara otomatis menggunakan perangkat lunak **KNIME Analytics Platform** dengan tahapan penyiapan *node workflow* sebagai berikut:

### 3.1 Koneksi Database & Penarikan Data
* **Node `MySQL Connector` / `DB Connector`:**
  Digunakan untuk menyambungkan KNIME ke server database MySQL/MariaDB (`basisdata2-c.my.id:3306`) dengan basis data `basisda1_PSD-A`.
* **Node `DB Query Reader`:**
  Mengeksekusi perintah kueri SQL berikut tanpa tanda titik koma (`;`) di akhir kueri untuk mengambil seluruh fitur TSFEL:
  ```sql
  SELECT * FROM `basisda1_PSD-A`.ekstraksi_fitur_co

### 3.2 Preprocessing Data (Filtering, Variance Control, & Normalisasi)
1. **Node `Column Filter`:**
   * Memisahkan variabel numerik dan metadata non-numerik.
   * **Excludes:** `id`, `nama`, `daerah`
   * **Includes:** Seluruh kolom fitur angka TSFEL.
2. **Node `Low Variance Filter`:**
   * Berfungsi untuk mengeliminasi kolom-kolom yang bersifat konstan (memiliki variansi mendekati `0`), sehingga algoritma PCA tidak mengalami pembagian dengan nol.
3. **Node `Normalizer`:**
   * Menerapkan pembobotan variabel dengan metode **Min-Max Normalization** (rentang 0.0 s.d. 1.0) agar fitur berjarak variabel seimbang.

---

### 3.3 Reduksi Dimensi dengan PCA
1. **Node `PCA Compute`:**
   * Menerima input fitur yang telah dinormalisasi dari node `Normalizer`.
   * Pada konfigurasi panel **Dimensions**, tentukan jumlah komponen utama yang ingin dihasilkan (misalnya `Fixed Number = 2` atau `37`).
2. **Node `PCA Apply`:**
   * Menerima port data numerik dari `Normalizer` dan port matriks transformasi dari `PCA Compute`.
   * Mengubah fitur-fitur berdimensi tinggi menjadi komponen proyeksi baru (`PCA dimension 0`, `PCA dimension 1`, dst.).

---

### 3.4 Pemodelan K-Means Clustering
1. **Node `k-Means`:**
   * Hubungkan output data dari node **`PCA Apply`** menuju port input **`k-Means`**.
   * Konfigurasikan **Number of clusters ($k$)** menjadi `2` atau `3`.
   * Tentukan **Max. number of iterations** = `100`.
   * Eksekusi node hingga menyala hijau untuk mengekstrak penataan kelompok baru bernama kolom `Cluster`.

---

---

### 3.5 Visualisasi Cluster & Penetapan Sumbu
1. **Node `Scatter Plot`:**
   * Hubungkan output data berlabel dari node **`k-Means`** ke port **`Scatter Plot`**.
   * Buka konfigurasi panel visualisasi:
     * **Horizontal dimension:** `nama`
     * **Vertical dimension:** `cluster`
     * **Color dimension:** `none`
2. Jalankan perintah **Apply and Execute** untuk menyajikan grafik sebaran titik *cluster* berbasis warna.

#### Rangkaian Workflow & Hasil Clustering
Berikut adalah gambaran alur *workflow* KNIME yang telah disusun serta hasil sebaran titik kelompok data (*clustering*):

![Workflow KNIME](workflow.png)
*Gambar 3.1: Alur Lengkap Workflow Preprocessing, PCA, dan K-Means pada KNIME*

![Hasil Scatter Plot Clustering](cluster.png)
*Gambar 3.2: Hasil Persebaran Cluster (cluster_0 dan cluster_1) Menggunakan Scatter Plot*

------------------


[1;36m  Cell [1;32mIn[2], line 26[1;36m[0m
[1;33m    Pengolahan data fitur hasil TSFEL dilakukan secara otomatis menggunakan perangkat lunak **KNIME Analytics Platform** dengan tahapan penyiapan *node workflow* sebagai berikut:[0m
[1;37m               ^[0m
[1;31mSyntaxError[0m[1;31m:[0m invalid syntax


