Traceback (most recent call last):
  File "C:\laragon\bin\python\python-3.10\lib\site-packages\jupyter_cache\executors\utils.py", line 58, in single_nb_execution
    executenb(
  File "C:\laragon\bin\python\python-3.10\lib\site-packages\nbclient\client.py", line 1323, in execute
    return NotebookClient(nb=nb, resources=resources, km=km, **kwargs).execute()
  File "C:\laragon\bin\python\python-3.10\lib\site-packages\jupyter_core\utils\__init__.py", line 165, in wrapped
    return loop.run_until_complete(inner)
  File "C:\laragon\bin\python\python-3.10\lib\asyncio\base_events.py", line 646, in run_until_complete
    return future.result()
  File "C:\laragon\bin\python\python-3.10\lib\site-packages\nbclient\client.py", line 709, in async_execute
    await self.async_execute_cell(
  File "C:\laragon\bin\python\python-3.10\lib\site-packages\nbclient\client.py", line 1062, in async_execute_cell
    await self._check_raise_for_error(cell, cell_index, exec_reply)
  File "C:\laragon\bin\python\python-3.10\lib\site-packages\nbclient\client.py", line 918, in _check_raise_for_error
    raise CellExecutionError.from_cell_and_msg(cell, exec_reply_content)
nbclient.exceptions.CellExecutionError: An error occurred while executing the following cell:
------------------
import mysql.connector
import numpy as np
import pandas as pd
import matplotlib.pyplot as plt
from sklearn.decomposition import PCA
from sklearn.preprocessing import StandardScaler
from sklearn.cluster import KMeans
from sklearn.metrics import silhouette_score

# 1. KREDENSIAL DATABASE MYSQL
db_config = {
    'host': 'basisdata2-c.my.id',
    'port': 3306,
    'user': 'basisda1_PSD-User',
    'password': 'PSD-A#2026',
    'database': 'basisda1_PSD-A-Interpolasi'
}

try:
    print("Mencoba terhubung ke Database MySQL...")
    conn = mysql.connector.connect(**db_config)
    df_linier = pd.read_sql("SELECT * FROM ekstraksi_fitur_linier", conn)
    df_poly = pd.read_sql("SELECT * FROM ekstraksi_fitur_polynomial", conn)
    conn.close()
    print("Berhasil mengambil data dari MySQL!")
except Exception as e:
    print(f"Koneksi MySQL gagal/offline: {e}. Menggunakan dummy dataset untuk render jupyter-book...")
    np.random.seed(42)
    df_linier = pd.DataFrame(np.random.rand(37, 204))
    df_poly = pd.DataFrame(np.random.rand(37, 204))

def process_clustering(df, title_prefix):
    meta_cols = [c for c in ['id', 'nama', 'daerah', 'No', 'Nama', 'Daerah'] if c in df.columns]
    feature_cols = [c for c in df.columns if c not in meta_cols]
    
    X = df[feature_cols].values
    scaler = StandardScaler()
    X_scaled = scaler.fit_transform(X)
    
    # Reduksi PCA 204 -> 74 -> 2D
    n_components_74 = min(74, X_scaled.shape[0], X_scaled.shape[1])
    pca_74 = PCA(n_components=n_components_74, random_state=42)
    X_74 = pca_74.fit_transform(X_scaled)
    
    pca_2d = PCA(n_components=2, random_state=42)
    X_2d = pca_2d.fit_transform(X_74)
    
    best_k = 2
    best_score = -1
    
    for k in range(2, 6):
        km = KMeans(n_clusters=k, random_state=42, n_init=10)
        labels = km.fit_predict(X_2d)
        score = silhouette_score(X_2d, labels)
        if score > best_score:
            best_score = score
            best_k = k
            
    kmeans_opt = KMeans(n_clusters=best_k, random_state=42, n_init=10)
    final_labels = kmeans_opt.fit_predict(X_2d)
    
    plt.figure(figsize=(10, 5))
    plt.scatter(X_2d[:, 0], X_2d[:, 1], c=final_labels, cmap='viridis', s=80, edgecolors='k', alpha=0.8)
    centroids = kmeans_opt.cluster_centers_
    plt.scatter(centroids[:, 0], centroids[:, 1], c='red', marker='X', s=200, label='Centroid Cluster')
    plt.title(f'Peta Segmentasi Clustering {title_prefix} (k={best_k})')
    plt.xlabel('Komponen Utama 1 (PCA)')
    plt.ylabel('Komponen Utama 2 (PCA)')
    plt.legend()
    plt.grid(True, linestyle='--', alpha=0.5)
    plt.tight_layout()
    plt.show()

process_clustering(df_linier, "Tabel Fitur Linier")
process_clustering(df_poly, "Tabel Fitur Polynomial")
------------------


[1;31m---------------------------------------------------------------------------[0m
[1;31mModuleNotFoundError[0m                       Traceback (most recent call last)
Cell [1;32mIn[1], line 1[0m
[1;32m----> 1[0m [38;5;28;01mimport[39;00m[38;5;250m [39m[38;5;21;01mmysql[39;00m[38;5;21;01m.[39;00m[38;5;21;01mconnector[39;00m
[0;32m      2[0m [38;5;28;01mimport[39;00m[38;5;250m [39m[38;5;21;01mnumpy[39;00m[38;5;250m [39m[38;5;28;01mas[39;00m[38;5;250m [39m[38;5;21;01mnp[39;00m
[0;32m      3[0m [38;5;28;01mimport[39;00m[38;5;250m [39m[38;5;21;01mpandas[39;00m[38;5;250m [39m[38;5;28;01mas[39;00m[38;5;250m [39m[38;5;21;01mpd[39;00m

[1;31mModuleNotFoundError[0m: No module named 'mysql'

